// Vitest Snapshot v1, https://vitest.dev/guide/snapshot.html

exports[`Pagination > Snapshots > should renders default component 1`] = `
<div>
  <nav
    class="_pagination_15d57b _pagination--start_15d57b"
    role="navigation"
  >
    <button
      aria-disabled="true"
      aria-label="Previous page"
      class="_button_02ec15 _button--neutral-soft_02ec15 _button--sm_02ec15 _button--icon-only_02ec15 _button--disabled_02ec15"
      disabled=""
    >
      <span
        class="_button__left_02ec15"
      >
        <svg
          fill="none"
          height="14"
          stroke="currentColor"
          stroke-width="2"
          viewBox="0 0 24 24"
          width="14"
          xmlns="http://www.w3.org/2000/svg"
        >
          <path
            d="M15.75 19.5 8.25 12l7.5-7.5"
            stroke-linecap="round"
            stroke-linejoin="round"
          />
        </svg>
      </span>
    </button>
    <button
      aria-current="true"
      aria-disabled="false"
      aria-selected="true"
      class="_button_02ec15 _button--primary-filled_02ec15 _button--sm_02ec15"
    >
      <span
        class="_button__text_02ec15"
      >
        1
      </span>
    </button>
    <button
      aria-current="false"
      aria-disabled="false"
      aria-selected="false"
      class="_button_02ec15 _button--neutral-ghost_02ec15 _button--sm_02ec15"
    >
      <span
        class="_button__text_02ec15"
      >
        2
      </span>
    </button>
    <button
      aria-current="false"
      aria-disabled="false"
      aria-selected="false"
      class="_button_02ec15 _button--neutral-ghost_02ec15 _button--sm_02ec15"
    >
      <span
        class="_button__text_02ec15"
      >
        3
      </span>
    </button>
    <button
      aria-disabled="false"
      aria-label="Next page"
      class="_button_02ec15 _button--neutral-soft_02ec15 _button--sm_02ec15 _button--icon-only_02ec15"
    >
      <span
        class="_button__left_02ec15"
      >
        <svg
          fill="none"
          height="14"
          stroke="currentColor"
          stroke-width="2"
          viewBox="0 0 24 24"
          width="14"
          xmlns="http://www.w3.org/2000/svg"
        >
          <path
            d="m8.25 4.5 7.5 7.5-7.5 7.5"
            stroke-linecap="round"
            stroke-linejoin="round"
          />
        </svg>
      </span>
    </button>
  </nav>
</div>
`;
